[2026-06-17 21:37:52] Error: Call to a member function register() on int in I:\Project\Products\Nextgen Easy POS\new-code\vendor\_laravel_ide\discover-f5442aeac73a6a9021bd7ce113d6a606.php:44
#0 {main}

[2026-06-17 21:53:33] Error: Call to a member function register() on int in I:\Project\Products\Nextgen Easy POS\new-code\vendor\_laravel_ide\discover-5c3cbe5e47b16e6c5fd1967f09c399da.php:44
#0 {main}

[2026-06-17 22:09:22] PDOException: SQLSTATE[42S22]: Column not found: 1054 Unknown column 'ankaya' in 'where clause' in I:\Project\Products\Nextgen Easy POS\new-code\Models\User.php:14
#0 I:\Project\Products\Nextgen Easy POS\new-code\Models\User.php(14): PDOStatement->execute(Array)
#1 I:\Project\Products\Nextgen Easy POS\new-code\controller\AuthController.php(55): User->findActiveByUsername('admin')
#2 I:\Project\Products\Nextgen Easy POS\new-code\core\Router.php(72): AuthController->login(Object(Request))
#3 I:\Project\Products\Nextgen Easy POS\new-code\middleware\GuestMiddleware.php(13): Router->{closure}()
#4 I:\Project\Products\Nextgen Easy POS\new-code\core\MiddlewareManager.php(19): GuestMiddleware->handle(Object(Request), Object(Closure))
#5 I:\Project\Products\Nextgen Easy POS\new-code\core\MiddlewareManager.php(23): MiddlewareManager->{closure}()
#6 I:\Project\Products\Nextgen Easy POS\new-code\core\Router.php(86): MiddlewareManager->run(Object(Request), Object(Closure))
#7 I:\Project\Products\Nextgen Easy POS\new-code\core\Router.php(32): Router->callHandler('AuthController@...', Array, Array)
#8 I:\Project\Products\Nextgen Easy POS\new-code\public\index.php(11): Router->dispatch('/login', 'POST')
#9 {main}

[2026-06-17 22:09:57] PDOException: SQLSTATE[42S22]: Column not found: 1054 Unknown column 'statusu' in 'where clause' in I:\Project\Products\Nextgen Easy POS\new-code\Models\User.php:14
#0 I:\Project\Products\Nextgen Easy POS\new-code\Models\User.php(14): PDOStatement->execute(Array)
#1 I:\Project\Products\Nextgen Easy POS\new-code\controller\AuthController.php(55): User->findActiveByUsername('admin')
#2 I:\Project\Products\Nextgen Easy POS\new-code\core\Router.php(72): AuthController->login(Object(Request))
#3 I:\Project\Products\Nextgen Easy POS\new-code\middleware\GuestMiddleware.php(13): Router->{closure}()
#4 I:\Project\Products\Nextgen Easy POS\new-code\core\MiddlewareManager.php(19): GuestMiddleware->handle(Object(Request), Object(Closure))
#5 I:\Project\Products\Nextgen Easy POS\new-code\core\MiddlewareManager.php(23): MiddlewareManager->{closure}()
#6 I:\Project\Products\Nextgen Easy POS\new-code\core\Router.php(86): MiddlewareManager->run(Object(Request), Object(Closure))
#7 I:\Project\Products\Nextgen Easy POS\new-code\core\Router.php(32): Router->callHandler('AuthController@...', Array, Array)
#8 I:\Project\Products\Nextgen Easy POS\new-code\public\index.php(11): Router->dispatch('/login', 'POST')
#9 {main}

[2026-06-17 22:18:52] PDOException: SQLSTATE[42S22]: Column not found: 1054 Unknown column 'shopid' in 'where clause' in I:\Project\Products\Nextgen Easy POS\new-code\Models\Shop.php:12
#0 I:\Project\Products\Nextgen Easy POS\new-code\Models\Shop.php(12): PDOStatement->execute(Array)
#1 I:\Project\Products\Nextgen Easy POS\new-code\controller\AuthController.php(80): Shop->findByShopId(0)
#2 I:\Project\Products\Nextgen Easy POS\new-code\core\Router.php(72): AuthController->login(Object(Request))
#3 I:\Project\Products\Nextgen Easy POS\new-code\middleware\GuestMiddleware.php(13): Router->{closure}()
#4 I:\Project\Products\Nextgen Easy POS\new-code\core\MiddlewareManager.php(19): GuestMiddleware->handle(Object(Request), Object(Closure))
#5 I:\Project\Products\Nextgen Easy POS\new-code\core\MiddlewareManager.php(23): MiddlewareManager->{closure}()
#6 I:\Project\Products\Nextgen Easy POS\new-code\core\Router.php(86): MiddlewareManager->run(Object(Request), Object(Closure))
#7 I:\Project\Products\Nextgen Easy POS\new-code\core\Router.php(32): Router->callHandler('AuthController@...', Array, Array)
#8 I:\Project\Products\Nextgen Easy POS\new-code\public\index.php(11): Router->dispatch('/login', 'POST')
#9 {main}

[2026-06-17 22:20:16] PDOException: SQLSTATE[42S22]: Column not found: 1054 Unknown column 'today_sale' in 'field list' in I:\Project\Products\Nextgen Easy POS\new-code\Models\Dashboard.php:12
#0 I:\Project\Products\Nextgen Easy POS\new-code\Models\Dashboard.php(12): PDO->query('SELECT\n        ...')
#1 I:\Project\Products\Nextgen Easy POS\new-code\controller\DashboardController.php(19): Dashboard->summary(1, 0)
#2 I:\Project\Products\Nextgen Easy POS\new-code\core\Router.php(72): DashboardController->index(Object(Request))
#3 I:\Project\Products\Nextgen Easy POS\new-code\middleware\AuthMiddleware.php(13): Router->{closure}()
#4 I:\Project\Products\Nextgen Easy POS\new-code\core\MiddlewareManager.php(19): AuthMiddleware->handle(Object(Request), Object(Closure))
#5 I:\Project\Products\Nextgen Easy POS\new-code\core\MiddlewareManager.php(23): MiddlewareManager->{closure}()
#6 I:\Project\Products\Nextgen Easy POS\new-code\core\Router.php(86): MiddlewareManager->run(Object(Request), Object(Closure))
#7 I:\Project\Products\Nextgen Easy POS\new-code\core\Router.php(32): Router->callHandler('DashboardContro...', Array, Array)
#8 I:\Project\Products\Nextgen Easy POS\new-code\public\index.php(11): Router->dispatch('/dashboard', 'GET')
#9 {main}

[2026-06-17 22:51:00] Error: Call to a member function register() on int in I:\Project\Products\Nextgen Easy POS\new-code\vendor\_laravel_ide\discover-5c3cbe5e47b16e6c5fd1967f09c399da.php:44
#0 {main}

[2026-06-17 23:35:11] PDOException: SQLSTATE[42S22]: Column not found: 1054 Unknown column 'current_operator' in 'where clause' in I:\Project\Products\Nextgen Easy POS\new-code\Models\Cashier.php:16
#0 I:\Project\Products\Nextgen Easy POS\new-code\Models\Cashier.php(16): PDOStatement->execute(Array)
#1 I:\Project\Products\Nextgen Easy POS\new-code\Models\Cashier.php(61): Cashier->slotForUser(1)
#2 I:\Project\Products\Nextgen Easy POS\new-code\middleware\CashierActiveMiddleware.php(17): Cashier->isActiveForUser(1)
#3 I:\Project\Products\Nextgen Easy POS\new-code\core\MiddlewareManager.php(19): CashierActiveMiddleware->handle(Object(Request), Object(Closure))
#4 I:\Project\Products\Nextgen Easy POS\new-code\middleware\PermissionMiddleware.php(26): MiddlewareManager->{closure}()
#5 I:\Project\Products\Nextgen Easy POS\new-code\core\MiddlewareManager.php(19): PermissionMiddleware->handle(Object(Request), Object(Closure))
#6 I:\Project\Products\Nextgen Easy POS\new-code\middleware\AuthMiddleware.php(13): MiddlewareManager->{closure}()
#7 I:\Project\Products\Nextgen Easy POS\new-code\core\MiddlewareManager.php(19): AuthMiddleware->handle(Object(Request), Object(Closure))
#8 I:\Project\Products\Nextgen Easy POS\new-code\core\MiddlewareManager.php(23): MiddlewareManager->{closure}()
#9 I:\Project\Products\Nextgen Easy POS\new-code\core\Router.php(86): MiddlewareManager->run(Object(Request), Object(Closure))
#10 I:\Project\Products\Nextgen Easy POS\new-code\core\Router.php(32): Router->callHandler('PosController@i...', Array, Array)
#11 I:\Project\Products\Nextgen Easy POS\new-code\public\index.php(11): Router->dispatch('/pos', 'GET')
#12 {main}

[2026-06-17 23:35:14] PDOException: SQLSTATE[42S22]: Column not found: 1054 Unknown column 'category.catid' in 'on clause' in I:\Project\Products\Nextgen Easy POS\new-code\Models\Item.php:68
#0 I:\Project\Products\Nextgen Easy POS\new-code\Models\Item.php(68): PDOStatement->execute(Array)
#1 I:\Project\Products\Nextgen Easy POS\new-code\controller\ItemController.php(75): Item->searchDetailed('')
#2 I:\Project\Products\Nextgen Easy POS\new-code\core\Router.php(72): ItemController->index(Object(Request))
#3 I:\Project\Products\Nextgen Easy POS\new-code\middleware\PermissionMiddleware.php(26): Router->{closure}()
#4 I:\Project\Products\Nextgen Easy POS\new-code\core\MiddlewareManager.php(19): PermissionMiddleware->handle(Object(Request), Object(Closure))
#5 I:\Project\Products\Nextgen Easy POS\new-code\middleware\AuthMiddleware.php(13): MiddlewareManager->{closure}()
#6 I:\Project\Products\Nextgen Easy POS\new-code\core\MiddlewareManager.php(19): AuthMiddleware->handle(Object(Request), Object(Closure))
#7 I:\Project\Products\Nextgen Easy POS\new-code\core\MiddlewareManager.php(23): MiddlewareManager->{closure}()
#8 I:\Project\Products\Nextgen Easy POS\new-code\core\Router.php(86): MiddlewareManager->run(Object(Request), Object(Closure))
#9 I:\Project\Products\Nextgen Easy POS\new-code\core\Router.php(32): Router->callHandler('ItemController@...', Array, Array)
#10 I:\Project\Products\Nextgen Easy POS\new-code\public\index.php(11): Router->dispatch('/items', 'GET')
#11 {main}

[2026-06-17 23:35:17] PDOException: SQLSTATE[42S22]: Column not found: 1054 Unknown column 'category.catid' in 'on clause' in I:\Project\Products\Nextgen Easy POS\new-code\Models\Item.php:68
#0 I:\Project\Products\Nextgen Easy POS\new-code\Models\Item.php(68): PDOStatement->execute(Array)
#1 I:\Project\Products\Nextgen Easy POS\new-code\controller\ItemController.php(75): Item->searchDetailed('')
#2 I:\Project\Products\Nextgen Easy POS\new-code\core\Router.php(72): ItemController->index(Object(Request))
#3 I:\Project\Products\Nextgen Easy POS\new-code\middleware\PermissionMiddleware.php(26): Router->{closure}()
#4 I:\Project\Products\Nextgen Easy POS\new-code\core\MiddlewareManager.php(19): PermissionMiddleware->handle(Object(Request), Object(Closure))
#5 I:\Project\Products\Nextgen Easy POS\new-code\middleware\AuthMiddleware.php(13): MiddlewareManager->{closure}()
#6 I:\Project\Products\Nextgen Easy POS\new-code\core\MiddlewareManager.php(19): AuthMiddleware->handle(Object(Request), Object(Closure))
#7 I:\Project\Products\Nextgen Easy POS\new-code\core\MiddlewareManager.php(23): MiddlewareManager->{closure}()
#8 I:\Project\Products\Nextgen Easy POS\new-code\core\Router.php(86): MiddlewareManager->run(Object(Request), Object(Closure))
#9 I:\Project\Products\Nextgen Easy POS\new-code\core\Router.php(32): Router->callHandler('ItemController@...', Array, Array)
#10 I:\Project\Products\Nextgen Easy POS\new-code\public\index.php(11): Router->dispatch('/items', 'GET')
#11 {main}

[2026-06-17 23:35:27] PDOException: SQLSTATE[42S22]: Column not found: 1054 Unknown column 'category.catid' in 'on clause' in I:\Project\Products\Nextgen Easy POS\new-code\Models\Item.php:68
#0 I:\Project\Products\Nextgen Easy POS\new-code\Models\Item.php(68): PDOStatement->execute(Array)
#1 I:\Project\Products\Nextgen Easy POS\new-code\controller\ItemController.php(75): Item->searchDetailed('')
#2 I:\Project\Products\Nextgen Easy POS\new-code\core\Router.php(72): ItemController->index(Object(Request))
#3 I:\Project\Products\Nextgen Easy POS\new-code\middleware\PermissionMiddleware.php(26): Router->{closure}()
#4 I:\Project\Products\Nextgen Easy POS\new-code\core\MiddlewareManager.php(19): PermissionMiddleware->handle(Object(Request), Object(Closure))
#5 I:\Project\Products\Nextgen Easy POS\new-code\middleware\AuthMiddleware.php(13): MiddlewareManager->{closure}()
#6 I:\Project\Products\Nextgen Easy POS\new-code\core\MiddlewareManager.php(19): AuthMiddleware->handle(Object(Request), Object(Closure))
#7 I:\Project\Products\Nextgen Easy POS\new-code\core\MiddlewareManager.php(23): MiddlewareManager->{closure}()
#8 I:\Project\Products\Nextgen Easy POS\new-code\core\Router.php(86): MiddlewareManager->run(Object(Request), Object(Closure))
#9 I:\Project\Products\Nextgen Easy POS\new-code\core\Router.php(32): Router->callHandler('ItemController@...', Array, Array)
#10 I:\Project\Products\Nextgen Easy POS\new-code\public\index.php(11): Router->dispatch('/items', 'GET')
#11 {main}

[2026-06-17 23:35:33] PDOException: SQLSTATE[42S22]: Column not found: 1054 Unknown column 'current_operator' in 'where clause' in I:\Project\Products\Nextgen Easy POS\new-code\Models\Cashier.php:16
#0 I:\Project\Products\Nextgen Easy POS\new-code\Models\Cashier.php(16): PDOStatement->execute(Array)
#1 I:\Project\Products\Nextgen Easy POS\new-code\Models\Cashier.php(72): Cashier->slotForUser(1)
#2 I:\Project\Products\Nextgen Easy POS\new-code\controller\CashierController.php(14): Cashier->dutyContext(1)
#3 I:\Project\Products\Nextgen Easy POS\new-code\core\Router.php(72): CashierController->index(Object(Request))
#4 I:\Project\Products\Nextgen Easy POS\new-code\middleware\AuthMiddleware.php(13): Router->{closure}()
#5 I:\Project\Products\Nextgen Easy POS\new-code\core\MiddlewareManager.php(19): AuthMiddleware->handle(Object(Request), Object(Closure))
#6 I:\Project\Products\Nextgen Easy POS\new-code\core\MiddlewareManager.php(23): MiddlewareManager->{closure}()
#7 I:\Project\Products\Nextgen Easy POS\new-code\core\Router.php(86): MiddlewareManager->run(Object(Request), Object(Closure))
#8 I:\Project\Products\Nextgen Easy POS\new-code\core\Router.php(32): Router->callHandler('CashierControll...', Array, Array)
#9 I:\Project\Products\Nextgen Easy POS\new-code\public\index.php(11): Router->dispatch('/cashier', 'GET')
#10 {main}

[2026-06-17 23:37:44] PDOException: SQLSTATE[42S22]: Column not found: 1054 Unknown column 'category.catid' in 'on clause' in I:\Project\Products\Nextgen Easy POS\new-code\Models\Item.php:68
#0 I:\Project\Products\Nextgen Easy POS\new-code\Models\Item.php(68): PDOStatement->execute(Array)
#1 I:\Project\Products\Nextgen Easy POS\new-code\controller\ItemController.php(75): Item->searchDetailed('')
#2 I:\Project\Products\Nextgen Easy POS\new-code\core\Router.php(72): ItemController->index(Object(Request))
#3 I:\Project\Products\Nextgen Easy POS\new-code\middleware\PermissionMiddleware.php(26): Router->{closure}()
#4 I:\Project\Products\Nextgen Easy POS\new-code\core\MiddlewareManager.php(19): PermissionMiddleware->handle(Object(Request), Object(Closure))
#5 I:\Project\Products\Nextgen Easy POS\new-code\middleware\AuthMiddleware.php(13): MiddlewareManager->{closure}()
#6 I:\Project\Products\Nextgen Easy POS\new-code\core\MiddlewareManager.php(19): AuthMiddleware->handle(Object(Request), Object(Closure))
#7 I:\Project\Products\Nextgen Easy POS\new-code\core\MiddlewareManager.php(23): MiddlewareManager->{closure}()
#8 I:\Project\Products\Nextgen Easy POS\new-code\core\Router.php(86): MiddlewareManager->run(Object(Request), Object(Closure))
#9 I:\Project\Products\Nextgen Easy POS\new-code\core\Router.php(32): Router->callHandler('ItemController@...', Array, Array)
#10 I:\Project\Products\Nextgen Easy POS\new-code\public\index.php(11): Router->dispatch('/items', 'GET')
#11 {main}

[2026-06-17 23:38:06] PDOException: SQLSTATE[42S22]: Column not found: 1054 Unknown column 'category.catid' in 'on clause' in I:\Project\Products\Nextgen Easy POS\new-code\Models\Item.php:68
#0 I:\Project\Products\Nextgen Easy POS\new-code\Models\Item.php(68): PDOStatement->execute(Array)
#1 I:\Project\Products\Nextgen Easy POS\new-code\controller\ItemController.php(75): Item->searchDetailed('')
#2 I:\Project\Products\Nextgen Easy POS\new-code\core\Router.php(72): ItemController->index(Object(Request))
#3 I:\Project\Products\Nextgen Easy POS\new-code\middleware\PermissionMiddleware.php(26): Router->{closure}()
#4 I:\Project\Products\Nextgen Easy POS\new-code\core\MiddlewareManager.php(19): PermissionMiddleware->handle(Object(Request), Object(Closure))
#5 I:\Project\Products\Nextgen Easy POS\new-code\middleware\AuthMiddleware.php(13): MiddlewareManager->{closure}()
#6 I:\Project\Products\Nextgen Easy POS\new-code\core\MiddlewareManager.php(19): AuthMiddleware->handle(Object(Request), Object(Closure))
#7 I:\Project\Products\Nextgen Easy POS\new-code\core\MiddlewareManager.php(23): MiddlewareManager->{closure}()
#8 I:\Project\Products\Nextgen Easy POS\new-code\core\Router.php(86): MiddlewareManager->run(Object(Request), Object(Closure))
#9 I:\Project\Products\Nextgen Easy POS\new-code\core\Router.php(32): Router->callHandler('ItemController@...', Array, Array)
#10 I:\Project\Products\Nextgen Easy POS\new-code\public\index.php(11): Router->dispatch('/items', 'GET')
#11 {main}

[2026-06-17 23:41:54] PDOException: SQLSTATE[42S22]: Column not found: 1054 Unknown column 'current_operator' in 'where clause' in I:\Project\Products\Nextgen Easy POS\new-code\Models\Cashier.php:16
#0 I:\Project\Products\Nextgen Easy POS\new-code\Models\Cashier.php(16): PDOStatement->execute(Array)
#1 I:\Project\Products\Nextgen Easy POS\new-code\Models\Cashier.php(61): Cashier->slotForUser(5)
#2 I:\Project\Products\Nextgen Easy POS\new-code\middleware\CashierActiveMiddleware.php(17): Cashier->isActiveForUser(5)
#3 I:\Project\Products\Nextgen Easy POS\new-code\core\MiddlewareManager.php(19): CashierActiveMiddleware->handle(Object(Request), Object(Closure))
#4 I:\Project\Products\Nextgen Easy POS\new-code\middleware\PermissionMiddleware.php(26): MiddlewareManager->{closure}()
#5 I:\Project\Products\Nextgen Easy POS\new-code\core\MiddlewareManager.php(19): PermissionMiddleware->handle(Object(Request), Object(Closure))
#6 I:\Project\Products\Nextgen Easy POS\new-code\middleware\AuthMiddleware.php(13): MiddlewareManager->{closure}()
#7 I:\Project\Products\Nextgen Easy POS\new-code\core\MiddlewareManager.php(19): AuthMiddleware->handle(Object(Request), Object(Closure))
#8 I:\Project\Products\Nextgen Easy POS\new-code\core\MiddlewareManager.php(23): MiddlewareManager->{closure}()
#9 I:\Project\Products\Nextgen Easy POS\new-code\core\Router.php(86): MiddlewareManager->run(Object(Request), Object(Closure))
#10 I:\Project\Products\Nextgen Easy POS\new-code\core\Router.php(32): Router->callHandler('PosController@i...', Array, Array)
#11 I:\Project\Products\Nextgen Easy POS\new-code\public\index.php(11): Router->dispatch('/pos', 'GET')
#12 {main}

[2026-06-17 23:41:56] PDOException: SQLSTATE[42S22]: Column not found: 1054 Unknown column 'current_operator' in 'where clause' in I:\Project\Products\Nextgen Easy POS\new-code\Models\Cashier.php:16
#0 I:\Project\Products\Nextgen Easy POS\new-code\Models\Cashier.php(16): PDOStatement->execute(Array)
#1 I:\Project\Products\Nextgen Easy POS\new-code\Models\Cashier.php(72): Cashier->slotForUser(5)
#2 I:\Project\Products\Nextgen Easy POS\new-code\controller\CashierController.php(14): Cashier->dutyContext(5)
#3 I:\Project\Products\Nextgen Easy POS\new-code\core\Router.php(72): CashierController->index(Object(Request))
#4 I:\Project\Products\Nextgen Easy POS\new-code\middleware\AuthMiddleware.php(13): Router->{closure}()
#5 I:\Project\Products\Nextgen Easy POS\new-code\core\MiddlewareManager.php(19): AuthMiddleware->handle(Object(Request), Object(Closure))
#6 I:\Project\Products\Nextgen Easy POS\new-code\core\MiddlewareManager.php(23): MiddlewareManager->{closure}()
#7 I:\Project\Products\Nextgen Easy POS\new-code\core\Router.php(86): MiddlewareManager->run(Object(Request), Object(Closure))
#8 I:\Project\Products\Nextgen Easy POS\new-code\core\Router.php(32): Router->callHandler('CashierControll...', Array, Array)
#9 I:\Project\Products\Nextgen Easy POS\new-code\public\index.php(11): Router->dispatch('/cashier', 'GET')
#10 {main}

